To honour the JVM settings for this build a single-use Daemon process will be forked. For more on this, please refer to https://docs.gradle.org/8.14.5/userguide/gradle_daemon.html#sec:disabling_the_daemon in the Gradle documentation.
Daemon will be stopped at the end of the build 

> Configure project :
MixinGradle did not locate the diffplug APT plugin, skipping eclipse task configuration

> Task :downloadMcpConfig
> Task :extractSrg UP-TO-DATE
> Task :createMcpToSrg UP-TO-DATE

> Task :compileJava
ノート: SpongePowered MIXIN Annotation Processor Version=0.8.5 (MixinGradle Version=0.7)
ノート: Supported obfuscation types: ObfuscationServiceMCP supports [notch] ObfuscationServiceFG3 supports [searge]
ノート: Loading searge mappings from D:\Minecraft Devs\net\code_mains\pm_equips_1.20.1\build\createMcpToSrg\output.tsrg
ノート: Writing refmap to D:\Minecraft Devs\net\code_mains\pm_equips_1.20.1\build\tmp\compileJava\compileJava-refmap.json
ノート: Writing refmap to D:\Minecraft Devs\net\code_mains\pm_equips_1.20.1\build\tmp\compileJava\compileJava-refmap.json
ノート: Writing searge composite mappings to D:\Minecraft Devs\net\code_mains\pm_equips_1.20.1\build\tmp\compileJava\compileJava-mappings.tsrg
ノート: Writing refmap to D:\Minecraft Devs\net\code_mains\pm_equips_1.20.1\build\tmp\compileJava\compileJava-refmap.json
ノート: Writing refmap to D:\Minecraft Devs\net\code_mains\pm_equips_1.20.1\build\tmp\compileJava\compileJava-refmap.json
ノート: Writing searge composite mappings to D:\Minecraft Devs\net\code_mains\pm_equips_1.20.1\build\tmp\compileJava\compileJava-mappings.tsrg
D:\Minecraft Devs\net\code_mains\pm_equips_1.20.1\src\main\java\net\pm_equips\client\ClientForgeEvents.java:33: 警告: [removal] ResourceLocationのResourceLocation(String,String)は推奨されておらず、削除用にマークされています
            new ResourceLocation(PMEquipsMain.MOD_ID, "textures/gui/gun_scope.png");
            ^
D:\Minecraft Devs\net\code_mains\pm_equips_1.20.1\src\main\java\net\pm_equips\items\CorePageItem.java:40: 警告: [removal] ResourceLocationのResourceLocation(String,String)は推奨されておらず、削除用にマークされています
        return new ResourceLocation("pm_equips", isTypeOneModel() ? "geo/ego_armor_type1.geo.json" :
               ^
D:\Minecraft Devs\net\code_mains\pm_equips_1.20.1\src\main\java\net\pm_equips\items\CorePageItem.java:46: 警告: [removal] ResourceLocationのResourceLocation(String,String)は推奨されておらず、削除用にマークされています
        return new ResourceLocation("pm_equips", "textures/armor/" + switch (material) {
               ^
D:\Minecraft Devs\net\code_mains\pm_equips_1.20.1\src\main\java\net\pm_equips\items\CorePageItem.java:63: 警告: [removal] ResourceLocationのResourceLocation(String,String)は推奨されておらず、削除用にマークされています
        return new ResourceLocation("pm_equips", material == ArmorEquips.WCORP_ARMOR || material == ArmorEquips.WCORP_ARMOR_ACE
               ^
D:\Minecraft Devs\net\code_mains\pm_equips_1.20.1\src\main\java\net\pm_equips\client\models\EBoxGenM.java:10: 警告: [removal] ResourceLocationのResourceLocation(String,String)は推奨されておらず、削除用にマークされています
        return new ResourceLocation("pm_equips", "geo/e_gen_v2.geo.json");
               ^
D:\Minecraft Devs\net\code_mains\pm_equips_1.20.1\src\main\java\net\pm_equips\client\models\EBoxGenM.java:15: 警告: [removal] ResourceLocationのResourceLocation(String,String)は推奨されておらず、削除用にマークされています
        return new ResourceLocation("pm_equips", "textures/block/e_gen.png");
               ^
D:\Minecraft Devs\net\code_mains\pm_equips_1.20.1\src\main\java\net\pm_equips\client\models\EBoxGenM.java:20: 警告: [removal] ResourceLocationのResourceLocation(String,String)は推奨されておらず、削除用にマークされています
        return new ResourceLocation("pm_equips", "animations/e_gen_v2.animation.json");
               ^
D:\Minecraft Devs\net\code_mains\pm_equips_1.20.1\src\main\java\net\pm_equips\client\models\EGOS1PenitenceM.java:10: 警告: [removal] ResourceLocationのResourceLocation(String,String)は推奨されておらず、削除用にマークされています
        return new ResourceLocation("pm_equips", "geo/ego_armor_type2.geo.json");
               ^
D:\Minecraft Devs\net\code_mains\pm_equips_1.20.1\src\main\java\net\pm_equips\client\models\EGOS1PenitenceM.java:15: 警告: [removal] ResourceLocationのResourceLocation(String,String)は推奨されておらず、削除用にマークされています
        return new ResourceLocation("pm_equips", "textures/armor/ego_s1_penitence.png");
               ^
D:\Minecraft Devs\net\code_mains\pm_equips_1.20.1\src\main\java\net\pm_equips\client\models\EGOS1PenitenceM.java:20: 警告: [removal] ResourceLocationのResourceLocation(String,String)は推奨されておらず、削除用にマークされています
        return new ResourceLocation("pm_equips", "animations/ego_armor.animation.json");
               ^
D:\Minecraft Devs\net\code_mains\pm_equips_1.20.1\src\main\java\net\pm_equips\client\models\EGOS2BeakM.java:10: 警告: [removal] ResourceLocationのResourceLocation(String,String)は推奨されておらず、削除用にマークされています
        return new ResourceLocation("pm_equips", "geo/ego_armor_type2.geo.json");
               ^
D:\Minecraft Devs\net\code_mains\pm_equips_1.20.1\src\main\java\net\pm_equips\client\models\EGOS2BeakM.java:15: 警告: [removal] ResourceLocationのResourceLocation(String,String)は推奨されておらず、削除用にマークされています
        return new ResourceLocation("pm_equips", "textures/armor/ego_s2_beak.png");
               ^
D:\Minecraft Devs\net\code_mains\pm_equips_1.20.1\src\main\java\net\pm_equips\client\models\EGOS2BeakM.java:20: 警告: [removal] ResourceLocationのResourceLocation(String,String)は推奨されておらず、削除用にマークされています
        return new ResourceLocation("pm_equips", "animations/ego_armor.animation.json");
               ^
D:\Minecraft Devs\net\code_mains\pm_equips_1.20.1\src\main\java\net\pm_equips\client\models\EGOS2LanternM.java:10: 警告: [removal] ResourceLocationのResourceLocation(String,String)は推奨されておらず、削除用にマークされています
        return new ResourceLocation("pm_equips", "geo/ego_armor_type2.geo.json");
               ^
D:\Minecraft Devs\net\code_mains\pm_equips_1.20.1\src\main\java\net\pm_equips\client\models\EGOS2LanternM.java:15: 警告: [removal] ResourceLocationのResourceLocation(String,String)は推奨されておらず、削除用にマークされています
        return new ResourceLocation("pm_equips", "textures/armor/ego_s2_lantern.png");
               ^
D:\Minecraft Devs\net\code_mains\pm_equips_1.20.1\src\main\java\net\pm_equips\client\models\EGOS2LanternM.java:20: 警告: [removal] ResourceLocationのResourceLocation(String,String)は推奨されておらず、削除用にマークされています
        return new ResourceLocation("pm_equips", "animations/ego_armor.animation.json");
               ^
D:\Minecraft Devs\net\code_mains\pm_equips_1.20.1\src\main\java\net\pm_equips\client\models\EGOS2MatchM.java:10: 警告: [removal] ResourceLocationのResourceLocation(String,String)は推奨されておらず、削除用にマークされています
        return new ResourceLocation("pm_equips", "geo/ego_armor_type1.geo.json");
               ^
D:\Minecraft Devs\net\code_mains\pm_equips_1.20.1\src\main\java\net\pm_equips\client\models\EGOS2MatchM.java:15: 警告: [removal] ResourceLocationのResourceLocation(String,String)は推奨されておらず、削除用にマークされています
        return new ResourceLocation("pm_equips", "textures/armor/ego_s2_match.png");
               ^
D:\Minecraft Devs\net\code_mains\pm_equips_1.20.1\src\main\java\net\pm_equips\client\models\EGOS2MatchM.java:20: 警告: [removal] ResourceLocationのResourceLocation(String,String)は推奨されておらず、削除用にマークされています
        return new ResourceLocation("pm_equips", "animations/ego_armor.animation.json");
               ^
D:\Minecraft Devs\net\code_mains\pm_equips_1.20.1\src\main\java\net\pm_equips\client\models\EGOS2RedEyeM.java:10: 警告: [removal] ResourceLocationのResourceLocation(String,String)は推奨されておらず、削除用にマークされています
        return new ResourceLocation("pm_equips", "geo/ego_armor_type1.geo.json");
               ^
D:\Minecraft Devs\net\code_mains\pm_equips_1.20.1\src\main\java\net\pm_equips\client\models\EGOS2RedEyeM.java:15: 警告: [removal] ResourceLocationのResourceLocation(String,String)は推奨されておらず、削除用にマークされています
        return new ResourceLocation("pm_equips", "textures/armor/ego_s2_red_eye.png");
               ^
D:\Minecraft Devs\net\code_mains\pm_equips_1.20.1\src\main\java\net\pm_equips\client\models\EGOS2RedEyeM.java:20: 警告: [removal] ResourceLocationのResourceLocation(String,String)は推奨されておらず、削除用にマークされています
        return new ResourceLocation("pm_equips", "animations/ego_armor.animation.json");
               ^
D:\Minecraft Devs\net\code_mains\pm_equips_1.20.1\src\main\java\net\pm_equips\client\models\EGOS2RegletM.java:10: 警告: [removal] ResourceLocationのResourceLocation(String,String)は推奨されておらず、削除用にマークされています
        return new ResourceLocation("pm_equips", "geo/ego_armor_type1.geo.json");
               ^
D:\Minecraft Devs\net\code_mains\pm_equips_1.20.1\src\main\java\net\pm_equips\client\models\EGOS2RegletM.java:15: 警告: [removal] ResourceLocationのResourceLocation(String,String)は推奨されておらず、削除用にマークされています
        return new ResourceLocation("pm_equips", "textures/armor/ego_s2_reglet.png");
               ^
D:\Minecraft Devs\net\code_mains\pm_equips_1.20.1\src\main\java\net\pm_equips\client\models\EGOS2RegletM.java:20: 警告: [removal] ResourceLocationのResourceLocation(String,String)は推奨されておらず、削除用にマークされています
        return new ResourceLocation("pm_equips", "animations/ego_armor.animation.json");
               ^
D:\Minecraft Devs\net\code_mains\pm_equips_1.20.1\src\main\java\net\pm_equips\client\models\EGOS3BloodM.java:10: 警告: [removal] ResourceLocationのResourceLocation(String,String)は推奨されておらず、削除用にマークされています
        return new ResourceLocation("pm_equips", "geo/ego_armor_type1.geo.json");
               ^
D:\Minecraft Devs\net\code_mains\pm_equips_1.20.1\src\main\java\net\pm_equips\client\models\EGOS3BloodM.java:15: 警告: [removal] ResourceLocationのResourceLocation(String,String)は推奨されておらず、削除用にマークされています
        return new ResourceLocation("pm_equips", "textures/armor/ego_s3_blood.png");
               ^
D:\Minecraft Devs\net\code_mains\pm_equips_1.20.1\src\main\java\net\pm_equips\client\models\EGOS3BloodM.java:20: 警告: [removal] ResourceLocationのResourceLocation(String,String)は推奨されておらず、削除用にマークされています
        return new ResourceLocation("pm_equips", "animations/ego_armor.animation.json");
               ^
D:\Minecraft Devs\net\code_mains\pm_equips_1.20.1\src\main\java\net\pm_equips\client\models\EGOS3GalaxyM.java:10: 警告: [removal] ResourceLocationのResourceLocation(String,String)は推奨されておらず、削除用にマークされています
        return new ResourceLocation("pm_equips", "geo/ego_armor_type2.geo.json");
               ^
D:\Minecraft Devs\net\code_mains\pm_equips_1.20.1\src\main\java\net\pm_equips\client\models\EGOS3GalaxyM.java:15: 警告: [removal] ResourceLocationのResourceLocation(String,String)は推奨されておらず、削除用にマークされています
        return new ResourceLocation("pm_equips", "textures/armor/ego_s3_galaxy.png");
               ^
D:\Minecraft Devs\net\code_mains\pm_equips_1.20.1\src\main\java\net\pm_equips\client\models\EGOS3GalaxyM.java:20: 警告: [removal] ResourceLocationのResourceLocation(String,String)は推奨されておらず、削除用にマークされています
        return new ResourceLocation("pm_equips", "animations/ego_armor.animation.json");
               ^
D:\Minecraft Devs\net\code_mains\pm_equips_1.20.1\src\main\java\net\pm_equips\client\models\EGOS3HarvestM.java:10: 警告: [removal] ResourceLocationのResourceLocation(String,String)は推奨されておらず、削除用にマークされています
        return new ResourceLocation("pm_equips", "geo/ego_armor_type2.geo.json");
               ^
D:\Minecraft Devs\net\code_mains\pm_equips_1.20.1\src\main\java\net\pm_equips\client\models\EGOS3HarvestM.java:15: 警告: [removal] ResourceLocationのResourceLocation(String,String)は推奨されておらず、削除用にマークされています
        return new ResourceLocation("pm_equips", "textures/armor/ego_s3_harvest.png");
               ^
D:\Minecraft Devs\net\code_mains\pm_equips_1.20.1\src\main\java\net\pm_equips\client\models\EGOS3HarvestM.java:20: 警告: [removal] ResourceLocationのResourceLocation(String,String)は推奨されておらず、削除用にマークされています
        return new ResourceLocation("pm_equips", "animations/ego_armor.animation.json");
               ^
D:\Minecraft Devs\net\code_mains\pm_equips_1.20.1\src\main\java\net\pm_equips\client\models\EGOS3IceShardM.java:10: 警告: [removal] ResourceLocationのResourceLocation(String,String)は推奨されておらず、削除用にマークされています
        return new ResourceLocation("pm_equips", "geo/ego_armor_type1.geo.json");
               ^
D:\Minecraft Devs\net\code_mains\pm_equips_1.20.1\src\main\java\net\pm_equips\client\models\EGOS3IceShardM.java:15: 警告: [removal] ResourceLocationのResourceLocation(String,String)は推奨されておらず、削除用にマークされています
        return new ResourceLocation("pm_equips", "textures/armor/ego_s3_ice_shard.png");
               ^
D:\Minecraft Devs\net\code_mains\pm_equips_1.20.1\src\main\java\net\pm_equips\client\models\EGOS3IceShardM.java:20: 警告: [removal] ResourceLocationのResourceLocation(String,String)は推奨されておらず、削除用にマークされています
        return new ResourceLocation("pm_equips", "animations/ego_armor.animation.json");
               ^
D:\Minecraft Devs\net\code_mains\pm_equips_1.20.1\src\main\java\net\pm_equips\client\models\EGOS3LaetitiaM.java:10: 警告: [removal] ResourceLocationのResourceLocation(String,String)は推奨されておらず、削除用にマークされています
        return new ResourceLocation("pm_equips", "geo/ego_armor_type1.geo.json");
               ^
D:\Minecraft Devs\net\code_mains\pm_equips_1.20.1\src\main\java\net\pm_equips\client\models\EGOS3LaetitiaM.java:15: 警告: [removal] ResourceLocationのResourceLocation(String,String)は推奨されておらず、削除用にマークされています
        return new ResourceLocation("pm_equips", "textures/armor/ego_s3_laetitia.png");
               ^
D:\Minecraft Devs\net\code_mains\pm_equips_1.20.1\src\main\java\net\pm_equips\client\models\EGOS3LaetitiaM.java:20: 警告: [removal] ResourceLocationのResourceLocation(String,String)は推奨されておらず、削除用にマークされています
        return new ResourceLocation("pm_equips", "animations/ego_armor.animation.json");
               ^
D:\Minecraft Devs\net\code_mains\pm_equips_1.20.1\src\main\java\net\pm_equips\client\models\EGOS3LamentM.java:10: 警告: [removal] ResourceLocationのResourceLocation(String,String)は推奨されておらず、削除用にマークされています
        return new ResourceLocation("pm_equips", "geo/ego_armor_type1.geo.json");
               ^
D:\Minecraft Devs\net\code_mains\pm_equips_1.20.1\src\main\java\net\pm_equips\client\models\EGOS3LamentM.java:15: 警告: [removal] ResourceLocationのResourceLocation(String,String)は推奨されておらず、削除用にマークされています
        return new ResourceLocation("pm_equips", "textures/armor/ego_s3_lament.png");
               ^
D:\Minecraft Devs\net\code_mains\pm_equips_1.20.1\src\main\java\net\pm_equips\client\models\EGOS3LamentM.java:20: 警告: [removal] ResourceLocationのResourceLocation(String,String)は推奨されておらず、削除用にマークされています
        return new ResourceLocation("pm_equips", "animations/ego_armor.animation.json");
               ^
D:\Minecraft Devs\net\code_mains\pm_equips_1.20.1\src\main\java\net\pm_equips\client\models\EGOS3LoggingM.java:10: 警告: [removal] ResourceLocationのResourceLocation(String,String)は推奨されておらず、削除用にマークされています
        return new ResourceLocation("pm_equips", "geo/ego_armor_type2.geo.json");
               ^
D:\Minecraft Devs\net\code_mains\pm_equips_1.20.1\src\main\java\net\pm_equips\client\models\EGOS3LoggingM.java:15: 警告: [removal] ResourceLocationのResourceLocation(String,String)は推奨されておらず、削除用にマークされています
        return new ResourceLocation("pm_equips", "textures/armor/ego_s3_logging.png");
               ^
D:\Minecraft Devs\net\code_mains\pm_equips_1.20.1\src\main\java\net\pm_equips\client\models\EGOS3LoggingM.java:20: 警告: [removal] ResourceLocationのResourceLocation(String,String)は推奨されておらず、削除用にマークされています
        return new ResourceLocation("pm_equips", "animations/ego_armor.animation.json");
               ^
D:\Minecraft Devs\net\code_mains\pm_equips_1.20.1\src\main\java\net\pm_equips\client\models\EGOS3MagicBulletM.java:10: 警告: [removal] ResourceLocationのResourceLocation(String,String)は推奨されておらず、削除用にマークされています
        return new ResourceLocation("pm_equips", "geo/ego_armor_type1.geo.json");
               ^
D:\Minecraft Devs\net\code_mains\pm_equips_1.20.1\src\main\java\net\pm_equips\client\models\EGOS3MagicBulletM.java:15: 警告: [removal] ResourceLocationのResourceLocation(String,String)は推奨されておらず、削除用にマークされています
        return new ResourceLocation("pm_equips", "textures/armor/ego_s3_magic_bullet.png");
               ^
D:\Minecraft Devs\net\code_mains\pm_equips_1.20.1\src\main\java\net\pm_equips\client\models\EGOS3MagicBulletM.java:20: 警告: [removal] ResourceLocationのResourceLocation(String,String)は推奨されておらず、削除用にマークされています
        return new ResourceLocation("pm_equips", "animations/ego_armor.animation.json");
               ^
D:\Minecraft Devs\net\code_mains\pm_equips_1.20.1\src\main\java\net\pm_equips\client\models\EGOS3MK4M.java:10: 警告: [removal] ResourceLocationのResourceLocation(String,String)は推奨されておらず、削除用にマークされています
        return new ResourceLocation("pm_equips", "geo/ego_armor_type1.geo.json");
               ^
D:\Minecraft Devs\net\code_mains\pm_equips_1.20.1\src\main\java\net\pm_equips\client\models\EGOS3MK4M.java:15: 警告: [removal] ResourceLocationのResourceLocation(String,String)は推奨されておらず、削除用にマークされています
        return new ResourceLocation("pm_equips", "textures/armor/ego_s3_mk4.png");
               ^
D:\Minecraft Devs\net\code_mains\pm_equips_1.20.1\src\main\java\net\pm_equips\client\models\EGOS3MK4M.java:20: 警告: [removal] ResourceLocationのResourceLocation(String,String)は推奨されておらず、削除用にマークされています
        return new ResourceLocation("pm_equips", "animations/ego_armor.animation.json");
               ^
D:\Minecraft Devs\net\code_mains\pm_equips_1.20.1\src\main\java\net\pm_equips\client\models\EGOS4BlueScarM.java:10: 警告: [removal] ResourceLocationのResourceLocation(String,String)は推奨されておらず、削除用にマークされています
        return new ResourceLocation("pm_equips", "geo/ego_armor_type1.geo.json");
               ^
D:\Minecraft Devs\net\code_mains\pm_equips_1.20.1\src\main\java\net\pm_equips\client\models\EGOS4BlueScarM.java:15: 警告: [removal] ResourceLocationのResourceLocation(String,String)は推奨されておらず、削除用にマークされています
        return new ResourceLocation("pm_equips", "textures/armor/ego_s4_blue_scar.png");
               ^
D:\Minecraft Devs\net\code_mains\pm_equips_1.20.1\src\main\java\net\pm_equips\client\models\EGOS4BlueScarM.java:20: 警告: [removal] ResourceLocationのResourceLocation(String,String)は推奨されておらず、削除用にマークされています
        return new ResourceLocation("pm_equips", "animations/ego_armor.animation.json");
               ^
D:\Minecraft Devs\net\code_mains\pm_equips_1.20.1\src\main\java\net\pm_equips\client\models\EGOS4HornetM.java:10: 警告: [removal] ResourceLocationのResourceLocation(String,String)は推奨されておらず、削除用にマークされています
        return new ResourceLocation("pm_equips", "geo/ego_armor_type1.geo.json");
               ^
D:\Minecraft Devs\net\code_mains\pm_equips_1.20.1\src\main\java\net\pm_equips\client\models\EGOS4HornetM.java:15: 警告: [removal] ResourceLocationのResourceLocation(String,String)は推奨されておらず、削除用にマークされています
        return new ResourceLocation("pm_equips", "textures/armor/ego_s4_hornet.png");
               ^
D:\Minecraft Devs\net\code_mains\pm_equips_1.20.1\src\main\java\net\pm_equips\client\models\EGOS4HornetM.java:20: 警告: [removal] ResourceLocationのResourceLocation(String,String)は推奨されておらず、削除用にマークされています
        return new ResourceLocation("pm_equips", "animations/ego_armor.animation.json");
               ^
D:\Minecraft Devs\net\code_mains\pm_equips_1.20.1\src\main\java\net\pm_equips\client\models\EGOS4LampM.java:10: 警告: [removal] ResourceLocationのResourceLocation(String,String)は推奨されておらず、削除用にマークされています
        return new ResourceLocation("pm_equips", "geo/ego_armor_type1.geo.json");
               ^
D:\Minecraft Devs\net\code_mains\pm_equips_1.20.1\src\main\java\net\pm_equips\client\models\EGOS4LampM.java:15: 警告: [removal] ResourceLocationのResourceLocation(String,String)は推奨されておらず、削除用にマークされています
        return new ResourceLocation("pm_equips", "textures/armor/ego_s4_lamp.png");
               ^
D:\Minecraft Devs\net\code_mains\pm_equips_1.20.1\src\main\java\net\pm_equips\client\models\EGOS4LampM.java:20: 警告: [removal] ResourceLocationのResourceLocation(String,String)は推奨されておらず、削除用にマークされています
        return new ResourceLocation("pm_equips", "animations/ego_armor.animation.json");
               ^
D:\Minecraft Devs\net\code_mains\pm_equips_1.20.1\src\main\java\net\pm_equips\client\models\EGOS4TearsM.java:10: 警告: [removal] ResourceLocationのResourceLocation(String,String)は推奨されておらず、削除用にマークされています
        return new ResourceLocation("pm_equips", "geo/ego_armor_type1.geo.json");
               ^
D:\Minecraft Devs\net\code_mains\pm_equips_1.20.1\src\main\java\net\pm_equips\client\models\EGOS4TearsM.java:15: 警告: [removal] ResourceLocationのResourceLocation(String,String)は推奨されておらず、削除用にマークされています
        return new ResourceLocation("pm_equips", "textures/armor/ego_s4_tears.png");
               ^
D:\Minecraft Devs\net\code_mains\pm_equips_1.20.1\src\main\java\net\pm_equips\client\models\EGOS4TearsM.java:20: 警告: [removal] ResourceLocationのResourceLocation(String,String)は推奨されておらず、削除用にマークされています
        return new ResourceLocation("pm_equips", "animations/ego_armor.animation.json");
               ^
D:\Minecraft Devs\net\code_mains\pm_equips_1.20.1\src\main\java\net\pm_equips\client\models\EGOS5DaCapoM.java:10: 警告: [removal] ResourceLocationのResourceLocation(String,String)は推奨されておらず、削除用にマークされています
        return new ResourceLocation("pm_equips", "geo/ego_armor_type2.geo.json");
               ^
D:\Minecraft Devs\net\code_mains\pm_equips_1.20.1\src\main\java\net\pm_equips\client\models\EGOS5DaCapoM.java:15: 警告: [removal] ResourceLocationのResourceLocation(String,String)は推奨されておらず、削除用にマークされています
        return new ResourceLocation("pm_equips", "textures/armor/ego_s5_da_capo.png");
               ^
D:\Minecraft Devs\net\code_mains\pm_equips_1.20.1\src\main\java\net\pm_equips\client\models\EGOS5DaCapoM.java:20: 警告: [removal] ResourceLocationのResourceLocation(String,String)は推奨されておらず、削除用にマークされています
        return new ResourceLocation("pm_equips", "animations/ego_armor.animation.json");
               ^
D:\Minecraft Devs\net\code_mains\pm_equips_1.20.1\src\main\java\net\pm_equips\client\models\EGOS5JustitiaM.java:10: 警告: [removal] ResourceLocationのResourceLocation(String,String)は推奨されておらず、削除用にマークされています
        return new ResourceLocation("pm_equips", "geo/ego_armor_type1.geo.json");
               ^
D:\Minecraft Devs\net\code_mains\pm_equips_1.20.1\src\main\java\net\pm_equips\client\models\EGOS5JustitiaM.java:15: 警告: [removal] ResourceLocationのResourceLocation(String,String)は推奨されておらず、削除用にマークされています
        return new ResourceLocation("pm_equips", "textures/armor/ego_s5_justitia.png");
               ^
D:\Minecraft Devs\net\code_mains\pm_equips_1.20.1\src\main\java\net\pm_equips\client\models\EGOS5JustitiaM.java:20: 警告: [removal] ResourceLocationのResourceLocation(String,String)は推奨されておらず、削除用にマークされています
        return new ResourceLocation("pm_equips", "animations/ego_armor.animation.json");
               ^
D:\Minecraft Devs\net\code_mains\pm_equips_1.20.1\src\main\java\net\pm_equips\client\models\EGOS5MimicryM.java:10: 警告: [removal] ResourceLocationのResourceLocation(String,String)は推奨されておらず、削除用にマークされています
        return new ResourceLocation("pm_equips", "geo/ego_armor_type2.geo.json");
               ^
D:\Minecraft Devs\net\code_mains\pm_equips_1.20.1\src\main\java\net\pm_equips\client\models\EGOS5MimicryM.java:15: 警告: [removal] ResourceLocationのResourceLocation(String,String)は推奨されておらず、削除用にマークされています
        return new ResourceLocation("pm_equips", "textures/armor/ego_s5_mimicry.png");
               ^
D:\Minecraft Devs\net\code_mains\pm_equips_1.20.1\src\main\java\net\pm_equips\client\models\EGOS5MimicryM.java:20: 警告: [removal] ResourceLocationのResourceLocation(String,String)は推奨されておらず、削除用にマークされています
        return new ResourceLocation("pm_equips", "animations/ego_armor.animation.json");
               ^
D:\Minecraft Devs\net\code_mains\pm_equips_1.20.1\src\main\java\net\pm_equips\client\models\EGOS5SmileM.java:10: 警告: [removal] ResourceLocationのResourceLocation(String,String)は推奨されておらず、削除用にマークされています
        return new ResourceLocation("pm_equips", "geo/ego_armor_type2.geo.json");
               ^
D:\Minecraft Devs\net\code_mains\pm_equips_1.20.1\src\main\java\net\pm_equips\client\models\EGOS5SmileM.java:15: 警告: [removal] ResourceLocationのResourceLocation(String,String)は推奨されておらず、削除用にマークされています
        return new ResourceLocation("pm_equips", "textures/armor/ego_s5_smile.png");
               ^
D:\Minecraft Devs\net\code_mains\pm_equips_1.20.1\src\main\java\net\pm_equips\client\models\EGOS5SmileM.java:20: 警告: [removal] ResourceLocationのResourceLocation(String,String)は推奨されておらず、削除用にマークされています
        return new ResourceLocation("pm_equips", "animations/ego_armor.animation.json");
               ^
D:\Minecraft Devs\net\code_mains\pm_equips_1.20.1\src\main\java\net\pm_equips\client\models\EGOS5StarM.java:10: 警告: [removal] ResourceLocationのResourceLocation(String,String)は推奨されておらず、削除用にマークされています
        return new ResourceLocation("pm_equips", "geo/ego_armor_type1.geo.json");
               ^
D:\Minecraft Devs\net\code_mains\pm_equips_1.20.1\src\main\java\net\pm_equips\client\models\EGOS5StarM.java:15: 警告: [removal] ResourceLocationのResourceLocation(String,String)は推奨されておらず、削除用にマークされています
        return new ResourceLocation("pm_equips", "textures/armor/ego_s5_star.png");
               ^
D:\Minecraft Devs\net\code_mains\pm_equips_1.20.1\src\main\java\net\pm_equips\client\models\EGOS5StarM.java:20: 警告: [removal] ResourceLocationのResourceLocation(String,String)は推奨されておらず、削除用にマークされています
        return new ResourceLocation("pm_equips", "animations/ego_armor.animation.json");
               ^
D:\Minecraft Devs\net\code_mains\pm_equips_1.20.1\src\main\java\net\pm_equips\client\models\EGOS5TwilightM.java:10: 警告: [removal] ResourceLocationのResourceLocation(String,String)は推奨されておらず、削除用にマークされています
        return new ResourceLocation("pm_equips", "geo/ego_armor_type1.geo.json");
               ^
D:\Minecraft Devs\net\code_mains\pm_equips_1.20.1\src\main\java\net\pm_equips\client\models\EGOS5TwilightM.java:15: 警告: [removal] ResourceLocationのResourceLocation(String,String)は推奨されておらず、削除用にマークされています
        return new ResourceLocation("pm_equips", "textures/armor/ego_s5_twilight.png");
               ^
D:\Minecraft Devs\net\code_mains\pm_equips_1.20.1\src\main\java\net\pm_equips\client\models\EGOS5TwilightM.java:20: 警告: [removal] ResourceLocationのResourceLocation(String,String)は推奨されておらず、削除用にマークされています
        return new ResourceLocation("pm_equips", "animations/ego_armor.animation.json");
               ^
D:\Minecraft Devs\net\code_mains\pm_equips_1.20.1\src\main\java\net\pm_equips\client\models\EGOS5WhitenightM.java:10: 警告: [removal] ResourceLocationのResourceLocation(String,String)は推奨されておらず、削除用にマークされています
        return new ResourceLocation("pm_equips", "geo/ego_armor_type2.geo.json");
               ^
D:\Minecraft Devs\net\code_mains\pm_equips_1.20.1\src\main\java\net\pm_equips\client\models\EGOS5WhitenightM.java:15: 警告: [removal] ResourceLocationのResourceLocation(String,String)は推奨されておらず、削除用にマークされています
        return new ResourceLocation("pm_equips", "textures/armor/ego_s5_whitenight.png");
               ^
D:\Minecraft Devs\net\code_mains\pm_equips_1.20.1\src\main\java\net\pm_equips\client\models\EGOS5WhitenightM.java:20: 警告: [removal] ResourceLocationのResourceLocation(String,String)は推奨されておらず、削除用にマークされています
        return new ResourceLocation("pm_equips", "animations/ego_armor.animation.json");
               ^
D:\Minecraft Devs\net\code_mains\pm_equips_1.20.1\src\main\java\net\pm_equips\client\models\WCorpArmorAceM.java:11: 警告: [removal] ResourceLocationのResourceLocation(String,String)は推奨されておらず、削除用にマークされています
        return new ResourceLocation("pm_equips", "geo/wcorp_armor.geo.json");
               ^
D:\Minecraft Devs\net\code_mains\pm_equips_1.20.1\src\main\java\net\pm_equips\client\models\WCorpArmorAceM.java:16: 警告: [removal] ResourceLocationのResourceLocation(String,String)は推奨されておらず、削除用にマークされています
        return new ResourceLocation("pm_equips", "textures/armor/wcorp_armor_adept.png");
               ^
D:\Minecraft Devs\net\code_mains\pm_equips_1.20.1\src\main\java\net\pm_equips\client\models\WCorpArmorAceM.java:21: 警告: [removal] ResourceLocationのResourceLocation(String,String)は推奨されておらず、削除用にマークされています
        return new ResourceLocation("pm_equips", "animations/wcorp.animation.json");
               ^
D:\Minecraft Devs\net\code_mains\pm_equips_1.20.1\src\main\java\net\pm_equips\client\models\WCorpArmorM.java:11: 警告: [removal] ResourceLocationのResourceLocation(String,String)は推奨されておらず、削除用にマークされています
        return new ResourceLocation("pm_equips", "geo/wcorp_armor.geo.json");
               ^
D:\Minecraft Devs\net\code_mains\pm_equips_1.20.1\src\main\java\net\pm_equips\client\models\WCorpArmorM.java:16: 警告: [removal] ResourceLocationのResourceLocation(String,String)は推奨されておらず、削除用にマークされています
        return new ResourceLocation("pm_equips", "textures/armor/wcorp_armor.png");
               ^
D:\Minecraft Devs\net\code_mains\pm_equips_1.20.1\src\main\java\net\pm_equips\client\models\WCorpArmorM.java:21: 警告: [removal] ResourceLocationのResourceLocation(String,String)は推奨されておらず、削除用にマークされています
        return new ResourceLocation("pm_equips", "animations/wcorp.animation.json");
               ^
D:\Minecraft Devs\net\code_mains\pm_equips_1.20.1\src\main\java\net\pm_equips\client\renderer\AmmoExR.java:26: 警告: [removal] ResourceLocationのResourceLocation(String,String)は推奨されておらず、削除用にマークされています
        return new ResourceLocation("minecraft", "textures/block/barrier.png");
               ^
D:\Minecraft Devs\net\code_mains\pm_equips_1.20.1\src\main\java\net\pm_equips\client\renderer\AmmoLARVR.java:26: 警告: [removal] ResourceLocationのResourceLocation(String,String)は推奨されておらず、削除用にマークされています
        return new ResourceLocation("minecraft", "textures/block/barrier.png");
               ^
D:\Minecraft Devs\net\code_mains\pm_equips_1.20.1\src\main\java\net\pm_equips\client\renderer\AmmoLASGR.java:26: 警告: [removal] ResourceLocationのResourceLocation(String,String)は推奨されておらず、削除用にマークされています
        return new ResourceLocation("minecraft", "textures/block/barrier.png");
               ^
D:\Minecraft Devs\net\code_mains\pm_equips_1.20.1\src\main\java\net\pm_equips\client\renderer\AmmoMagicR.java:26: 警告: [removal] ResourceLocationのResourceLocation(String,String)は推奨されておらず、削除用にマークされています
        return new ResourceLocation("minecraft", "textures/block/barrier.png");
               ^
D:\Minecraft Devs\net\code_mains\pm_equips_1.20.1\src\main\java\net\pm_equips\client\renderer\AmmoR.java:26: 警告: [removal] ResourceLocationのResourceLocation(String,String)は推奨されておらず、削除用にマークされています
        return new ResourceLocation("minecraft", "textures/block/barrier.png");
               ^
D:\Minecraft Devs\net\code_mains\pm_equips_1.20.1\src\main\java\net\pm_equips\entity\WhiteNightProjectile.java:18: エラー: WhiteNightProjectileはabstractでなく、Entity内のabstractメソッドdefineSynchedData()をオーバーライドしません
public class WhiteNightProjectile extends Projectile {
       ^
D:\Minecraft Devs\net\code_mains\pm_equips_1.20.1\src\main\java\net\pm_equips\entity\WhiteNightProjectile.java:70: エラー: メソッドはスーパータイプのメソッドをオーバーライドまたは実装しません
    @Override
    ^
D:\Minecraft Devs\net\code_mains\pm_equips_1.20.1\src\main\java\net\pm_equips\network\ModPackets.java:15: 警告: [removal] ResourceLocationのResourceLocation(String,String)は推奨されておらず、削除用にマークされています
            new net.minecraft.resources.ResourceLocation("pm_equips", "main"),
            ^
D:\Minecraft Devs\net\code_mains\pm_equips_1.20.1\src\main\java\net\pm_equips\PMEquipsMain.java:25: 警告: [removal] FMLJavaModLoadingContextのget()は推奨されておらず、削除用にマークされています
        IEventBus modEventBus = FMLJavaModLoadingContext.get().getModEventBus();
                                                        ^
D:\Minecraft Devs\net\code_mains\pm_equips_1.20.1\src\main\java\net\pm_equips\PMEquipsMain.java:37: 警告: [removal] ModLoadingContextのget()は推奨されておらず、削除用にマークされています
        ModLoadingContext.get().registerConfig(net.minecraftforge.fml.config.ModConfig.Type.COMMON,
                         ^
D:\Minecraft Devs\net\code_mains\pm_equips_1.20.1\src\main\java\net\pm_equips\PMEquipsMain.java:49: 警告: [removal] top.theillusivec4.curios.apiのSlotTypeMessageは推奨されておらず、削除用にマークされています
        InterModComms.sendTo(CuriosApi.MODID, SlotTypeMessage.REGISTER_TYPE,
                                              ^
ノート: 一部の入力ファイルは推奨されないAPIを使用またはオーバーライドしています。
ノート: 詳細は、-Xlint:deprecationオプションを指定して再コンパイルしてください。
ノート: 一部の入力ファイルは、削除用にマークされた推奨されないAPIを追加使用またはオーバーライドしています。
ノート: 入力ファイルの操作のうち、未チェックまたは安全ではないものがあります。
ノート: 詳細は、-Xlint:uncheckedオプションを指定して再コンパイルしてください。
エラー2個
警告100個

> Task :compileJava FAILED


[Incubating] Problems report is available at: file:///D:/Minecraft%20Devs/net/code_mains/pm_equips_1.20.1/build/reports/problems/problems-report.html
FAILURE: Build failed with an exception.

* What went wrong:
Execution failed for task ':compileJava'.
> Compilation failed; see the compiler output below.
  ノート: 一部の入力ファイルは、削除用にマークされた推奨されないAPIを追加使用またはオーバーライドしています。
  ノート: 詳細は、-Xlint:deprecationオプションを指定して再コンパイルしてください。
  D:\Minecraft Devs\net\code_mains\pm_equips_1.20.1\src\main\java\net\pm_equips\entity\WhiteNightProjectile.java:18: エラー: WhiteNightProjectileはabstractでなく、Entity内のabstractメソッドdefineSynchedData()をオーバーライドしません
  public class WhiteNightProjectile extends Projectile {
         ^
  ノート: 詳細は、-Xlint:uncheckedオプションを指定して再コンパイルしてください。
  ノート: 一部の入力ファイルは推奨されないAPIを使用またはオーバーライドしています。
  D:\Minecraft Devs\net\code_mains\pm_equips_1.20.1\src\main\java\net\pm_equips\entity\WhiteNightProjectile.java:70: エラー: メソッドはスーパータイプのメソッドをオーバーライドまたは実装しません
      @Override
      ^
  D:\Minecraft Devs\net\code_mains\pm_equips_1.20.1\src\main\java\net\pm_equips\client\ClientForgeEvents.java:33: 警告: [removal] ResourceLocationのResourceLocation(String,String)は推奨されておらず、削除用にマークされています
              new ResourceLocation(PMEquipsMain.MOD_ID, "textures/gui/gun_scope.png");
              ^
  D:\Minecraft Devs\net\code_mains\pm_equips_1.20.1\src\main\java\net\pm_equips\items\CorePageItem.java:40: 警告: [removal] ResourceLocationのResourceLocation(String,String)は推奨されておらず、削除用にマークされています
          return new ResourceLocation("pm_equips", isTypeOneModel() ? "geo/ego_armor_type1.geo.json" :
                 ^
  D:\Minecraft Devs\net\code_mains\pm_equips_1.20.1\src\main\java\net\pm_equips\items\CorePageItem.java:46: 警告: [removal] ResourceLocationのResourceLocation(String,String)は推奨されておらず、削除用にマークされています
          return new ResourceLocation("pm_equips", "textures/armor/" + switch (material) {
                 ^
  D:\Minecraft Devs\net\code_mains\pm_equips_1.20.1\src\main\java\net\pm_equips\items\CorePageItem.java:63: 警告: [removal] ResourceLocationのResourceLocation(String,String)は推奨されておらず、削除用にマークされています
          return new ResourceLocation("pm_equips", material == ArmorEquips.WCORP_ARMOR || material == ArmorEquips.WCORP_ARMOR_ACE
                 ^
  D:\Minecraft Devs\net\code_mains\pm_equips_1.20.1\src\main\java\net\pm_equips\client\models\EBoxGenM.java:10: 警告: [removal] ResourceLocationのResourceLocation(String,String)は推奨されておらず、削除用にマークされています
          return new ResourceLocation("pm_equips", "geo/e_gen_v2.geo.json");
                 ^
  D:\Minecraft Devs\net\code_mains\pm_equips_1.20.1\src\main\java\net\pm_equips\client\models\EBoxGenM.java:15: 警告: [removal] ResourceLocationのResourceLocation(String,String)は推奨されておらず、削除用にマークされています
          return new ResourceLocation("pm_equips", "textures/block/e_gen.png");
                 ^
  D:\Minecraft Devs\net\code_mains\pm_equips_1.20.1\src\main\java\net\pm_equips\client\models\EBoxGenM.java:20: 警告: [removal] ResourceLocationのResourceLocation(String,String)は推奨されておらず、削除用にマークされています
          return new ResourceLocation("pm_equips", "animations/e_gen_v2.animation.json");
                 ^
  D:\Minecraft Devs\net\code_mains\pm_equips_1.20.1\src\main\java\net\pm_equips\client\models\EGOS1PenitenceM.java:10: 警告: [removal] ResourceLocationのResourceLocation(String,String)は推奨されておらず、削除用にマークされています
          return new ResourceLocation("pm_equips", "geo/ego_armor_type2.geo.json");
                 ^
  D:\Minecraft Devs\net\code_mains\pm_equips_1.20.1\src\main\java\net\pm_equips\client\models\EGOS1PenitenceM.java:15: 警告: [removal] ResourceLocationのResourceLocation(String,String)は推奨されておらず、削除用にマークされています
          return new ResourceLocation("pm_equips", "textures/armor/ego_s1_penitence.png");
                 ^
  D:\Minecraft Devs\net\code_mains\pm_equips_1.20.1\src\main\java\net\pm_equips\client\models\EGOS1PenitenceM.java:20: 警告: [removal] ResourceLocationのResourceLocation(String,String)は推奨されておらず、削除用にマークされています
          return new ResourceLocation("pm_equips", "animations/ego_armor.animation.json");
                 ^
  D:\Minecraft Devs\net\code_mains\pm_equips_1.20.1\src\main\java\net\pm_equips\client\models\EGOS2BeakM.java:10: 警告: [removal] ResourceLocationのResourceLocation(String,String)は推奨されておらず、削除用にマークされています
          return new ResourceLocation("pm_equips", "geo/ego_armor_type2.geo.json");
                 ^
  D:\Minecraft Devs\net\code_mains\pm_equips_1.20.1\src\main\java\net\pm_equips\client\models\EGOS2BeakM.java:15: 警告: [removal] ResourceLocationのResourceLocation(String,String)は推奨されておらず、削除用にマークされています
          return new ResourceLocation("pm_equips", "textures/armor/ego_s2_beak.png");
                 ^
  D:\Minecraft Devs\net\code_mains\pm_equips_1.20.1\src\main\java\net\pm_equips\client\models\EGOS2BeakM.java:20: 警告: [removal] ResourceLocationのResourceLocation(String,String)は推奨されておらず、削除用にマークされています
          return new ResourceLocation("pm_equips", "animations/ego_armor.animation.json");
                 ^
  D:\Minecraft Devs\net\code_mains\pm_equips_1.20.1\src\main\java\net\pm_equips\client\models\EGOS2LanternM.java:10: 警告: [removal] ResourceLocationのResourceLocation(String,String)は推奨されておらず、削除用にマークされています
          return new ResourceLocation("pm_equips", "geo/ego_armor_type2.geo.json");
                 ^
  D:\Minecraft Devs\net\code_mains\pm_equips_1.20.1\src\main\java\net\pm_equips\client\models\EGOS2LanternM.java:15: 警告: [removal] ResourceLocationのResourceLocation(String,String)は推奨されておらず、削除用にマークされています
          return new ResourceLocation("pm_equips", "textures/armor/ego_s2_lantern.png");
                 ^
  D:\Minecraft Devs\net\code_mains\pm_equips_1.20.1\src\main\java\net\pm_equips\client\models\EGOS2LanternM.java:20: 警告: [removal] ResourceLocationのResourceLocation(String,String)は推奨されておらず、削除用にマークされています
          return new ResourceLocation("pm_equips", "animations/ego_armor.animation.json");
                 ^
  D:\Minecraft Devs\net\code_mains\pm_equips_1.20.1\src\main\java\net\pm_equips\client\models\EGOS2MatchM.java:10: 警告: [removal] ResourceLocationのResourceLocation(String,String)は推奨されておらず、削除用にマークされています
          return new ResourceLocation("pm_equips", "geo/ego_armor_type1.geo.json");
                 ^
  D:\Minecraft Devs\net\code_mains\pm_equips_1.20.1\src\main\java\net\pm_equips\client\models\EGOS2MatchM.java:15: 警告: [removal] ResourceLocationのResourceLocation(String,String)は推奨されておらず、削除用にマークされています
          return new ResourceLocation("pm_equips", "textures/armor/ego_s2_match.png");
                 ^
  D:\Minecraft Devs\net\code_mains\pm_equips_1.20.1\src\main\java\net\pm_equips\client\models\EGOS2MatchM.java:20: 警告: [removal] ResourceLocationのResourceLocation(String,String)は推奨されておらず、削除用にマークされています
          return new ResourceLocation("pm_equips", "animations/ego_armor.animation.json");
                 ^
  D:\Minecraft Devs\net\code_mains\pm_equips_1.20.1\src\main\java\net\pm_equips\client\models\EGOS2RedEyeM.java:10: 警告: [removal] ResourceLocationのResourceLocation(String,String)は推奨されておらず、削除用にマークされています
          return new ResourceLocation("pm_equips", "geo/ego_armor_type1.geo.json");
                 ^
  D:\Minecraft Devs\net\code_mains\pm_equips_1.20.1\src\main\java\net\pm_equips\client\models\EGOS2RedEyeM.java:15: 警告: [removal] ResourceLocationのResourceLocation(String,String)は推奨されておらず、削除用にマークされています
          return new ResourceLocation("pm_equips", "textures/armor/ego_s2_red_eye.png");
                 ^
  D:\Minecraft Devs\net\code_mains\pm_equips_1.20.1\src\main\java\net\pm_equips\client\models\EGOS2RedEyeM.java:20: 警告: [removal] ResourceLocationのResourceLocation(String,String)は推奨されておらず、削除用にマークされています
          return new ResourceLocation("pm_equips", "animations/ego_armor.animation.json");
                 ^
  D:\Minecraft Devs\net\code_mains\pm_equips_1.20.1\src\main\java\net\pm_equips\client\models\EGOS2RegletM.java:10: 警告: [removal] ResourceLocationのResourceLocation(String,String)は推奨されておらず、削除用にマークされています
          return new ResourceLocation("pm_equips", "geo/ego_armor_type1.geo.json");
                 ^
  D:\Minecraft Devs\net\code_mains\pm_equips_1.20.1\src\main\java\net\pm_equips\client\models\EGOS2RegletM.java:15: 警告: [removal] ResourceLocationのResourceLocation(String,String)は推奨されておらず、削除用にマークされています
          return new ResourceLocation("pm_equips", "textures/armor/ego_s2_reglet.png");
                 ^
  D:\Minecraft Devs\net\code_mains\pm_equips_1.20.1\src\main\java\net\pm_equips\client\models\EGOS2RegletM.java:20: 警告: [removal] ResourceLocationのResourceLocation(String,String)は推奨されておらず、削除用にマークされています
          return new ResourceLocation("pm_equips", "animations/ego_armor.animation.json");
                 ^
  D:\Minecraft Devs\net\code_mains\pm_equips_1.20.1\src\main\java\net\pm_equips\client\models\EGOS3BloodM.java:10: 警告: [removal] ResourceLocationのResourceLocation(String,String)は推奨されておらず、削除用にマークされています
          return new ResourceLocation("pm_equips", "geo/ego_armor_type1.geo.json");
                 ^
  D:\Minecraft Devs\net\code_mains\pm_equips_1.20.1\src\main\java\net\pm_equips\client\models\EGOS3BloodM.java:15: 警告: [removal] ResourceLocationのResourceLocation(String,String)は推奨されておらず、削除用にマークされています
          return new ResourceLocation("pm_equips", "textures/armor/ego_s3_blood.png");
                 ^
  D:\Minecraft Devs\net\code_mains\pm_equips_1.20.1\src\main\java\net\pm_equips\client\models\EGOS3BloodM.java:20: 警告: [removal] ResourceLocationのResourceLocation(String,String)は推奨されておらず、削除用にマークされています
          return new ResourceLocation("pm_equips", "animations/ego_armor.animation.json");
                 ^
  D:\Minecraft Devs\net\code_mains\pm_equips_1.20.1\src\main\java\net\pm_equips\client\models\EGOS3GalaxyM.java:10: 警告: [removal] ResourceLocationのResourceLocation(String,String)は推奨されておらず、削除用にマークされています
          return new ResourceLocation("pm_equips", "geo/ego_armor_type2.geo.json");
                 ^
  D:\Minecraft Devs\net\code_mains\pm_equips_1.20.1\src\main\java\net\pm_equips\client\models\EGOS3GalaxyM.java:15: 警告: [removal] ResourceLocationのResourceLocation(String,String)は推奨されておらず、削除用にマークされています
          return new ResourceLocation("pm_equips", "textures/armor/ego_s3_galaxy.png");
                 ^
  D:\Minecraft Devs\net\code_mains\pm_equips_1.20.1\src\main\java\net\pm_equips\client\models\EGOS3GalaxyM.java:20: 警告: [removal] ResourceLocationのResourceLocation(String,String)は推奨されておらず、削除用にマークされています
          return new ResourceLocation("pm_equips", "animations/ego_armor.animation.json");
                 ^
  D:\Minecraft Devs\net\code_mains\pm_equips_1.20.1\src\main\java\net\pm_equips\client\models\EGOS3HarvestM.java:10: 警告: [removal] ResourceLocationのResourceLocation(String,String)は推奨されておらず、削除用にマークされています
          return new ResourceLocation("pm_equips", "geo/ego_armor_type2.geo.json");
                 ^
  D:\Minecraft Devs\net\code_mains\pm_equips_1.20.1\src\main\java\net\pm_equips\client\models\EGOS3HarvestM.java:15: 警告: [removal] ResourceLocationのResourceLocation(String,String)は推奨されておらず、削除用にマークされています
          return new ResourceLocation("pm_equips", "textures/armor/ego_s3_harvest.png");
                 ^
  D:\Minecraft Devs\net\code_mains\pm_equips_1.20.1\src\main\java\net\pm_equips\client\models\EGOS3HarvestM.java:20: 警告: [removal] ResourceLocationのResourceLocation(String,String)は推奨されておらず、削除用にマークされています
          return new ResourceLocation("pm_equips", "animations/ego_armor.animation.json");
                 ^
  D:\Minecraft Devs\net\code_mains\pm_equips_1.20.1\src\main\java\net\pm_equips\client\models\EGOS3IceShardM.java:10: 警告: [removal] ResourceLocationのResourceLocation(String,String)は推奨されておらず、削除用にマークされています
          return new ResourceLocation("pm_equips", "geo/ego_armor_type1.geo.json");
                 ^
  D:\Minecraft Devs\net\code_mains\pm_equips_1.20.1\src\main\java\net\pm_equips\client\models\EGOS3IceShardM.java:15: 警告: [removal] ResourceLocationのResourceLocation(String,String)は推奨されておらず、削除用にマークされています
          return new ResourceLocation("pm_equips", "textures/armor/ego_s3_ice_shard.png");
                 ^
  D:\Minecraft Devs\net\code_mains\pm_equips_1.20.1\src\main\java\net\pm_equips\client\models\EGOS3IceShardM.java:20: 警告: [removal] ResourceLocationのResourceLocation(String,String)は推奨されておらず、削除用にマークされています
          return new ResourceLocation("pm_equips", "animations/ego_armor.animation.json");
                 ^
  D:\Minecraft Devs\net\code_mains\pm_equips_1.20.1\src\main\java\net\pm_equips\client\models\EGOS3LaetitiaM.java:10: 警告: [removal] ResourceLocationのResourceLocation(String,String)は推奨されておらず、削除用にマークされています
          return new ResourceLocation("pm_equips", "geo/ego_armor_type1.geo.json");
                 ^
  D:\Minecraft Devs\net\code_mains\pm_equips_1.20.1\src\main\java\net\pm_equips\client\models\EGOS3LaetitiaM.java:15: 警告: [removal] ResourceLocationのResourceLocation(String,String)は推奨されておらず、削除用にマークされています
          return new ResourceLocation("pm_equips", "textures/armor/ego_s3_laetitia.png");
                 ^
  D:\Minecraft Devs\net\code_mains\pm_equips_1.20.1\src\main\java\net\pm_equips\client\models\EGOS3LaetitiaM.java:20: 警告: [removal] ResourceLocationのResourceLocation(String,String)は推奨されておらず、削除用にマークされています
          return new ResourceLocation("pm_equips", "animations/ego_armor.animation.json");
                 ^
  D:\Minecraft Devs\net\code_mains\pm_equips_1.20.1\src\main\java\net\pm_equips\client\models\EGOS3LamentM.java:10: 警告: [removal] ResourceLocationのResourceLocation(String,String)は推奨されておらず、削除用にマークされています
          return new ResourceLocation("pm_equips", "geo/ego_armor_type1.geo.json");
                 ^
  D:\Minecraft Devs\net\code_mains\pm_equips_1.20.1\src\main\java\net\pm_equips\client\models\EGOS3LamentM.java:15: 警告: [removal] ResourceLocationのResourceLocation(String,String)は推奨されておらず、削除用にマークされています
          return new ResourceLocation("pm_equips", "textures/armor/ego_s3_lament.png");
                 ^
  D:\Minecraft Devs\net\code_mains\pm_equips_1.20.1\src\main\java\net\pm_equips\client\models\EGOS3LamentM.java:20: 警告: [removal] ResourceLocationのResourceLocation(String,String)は推奨されておらず、削除用にマークされています
          return new ResourceLocation("pm_equips", "animations/ego_armor.animation.json");
                 ^
  D:\Minecraft Devs\net\code_mains\pm_equips_1.20.1\src\main\java\net\pm_equips\client\models\EGOS3LoggingM.java:10: 警告: [removal] ResourceLocationのResourceLocation(String,String)は推奨されておらず、削除用にマークされています
          return new ResourceLocation("pm_equips", "geo/ego_armor_type2.geo.json");
                 ^
  D:\Minecraft Devs\net\code_mains\pm_equips_1.20.1\src\main\java\net\pm_equips\client\models\EGOS3LoggingM.java:15: 警告: [removal] ResourceLocationのResourceLocation(String,String)は推奨されておらず、削除用にマークされています
          return new ResourceLocation("pm_equips", "textures/armor/ego_s3_logging.png");
                 ^
  D:\Minecraft Devs\net\code_mains\pm_equips_1.20.1\src\main\java\net\pm_equips\client\models\EGOS3LoggingM.java:20: 警告: [removal] ResourceLocationのResourceLocation(String,String)は推奨されておらず、削除用にマークされています
          return new ResourceLocation("pm_equips", "animations/ego_armor.animation.json");
                 ^
  D:\Minecraft Devs\net\code_mains\pm_equips_1.20.1\src\main\java\net\pm_equips\client\models\EGOS3MagicBulletM.java:10: 警告: [removal] ResourceLocationのResourceLocation(String,String)は推奨されておらず、削除用にマークされています
          return new ResourceLocation("pm_equips", "geo/ego_armor_type1.geo.json");
                 ^
  D:\Minecraft Devs\net\code_mains\pm_equips_1.20.1\src\main\java\net\pm_equips\client\models\EGOS3MagicBulletM.java:15: 警告: [removal] ResourceLocationのResourceLocation(String,String)は推奨されておらず、削除用にマークされています
          return new ResourceLocation("pm_equips", "textures/armor/ego_s3_magic_bullet.png");
                 ^
  D:\Minecraft Devs\net\code_mains\pm_equips_1.20.1\src\main\java\net\pm_equips\client\models\EGOS3MagicBulletM.java:20: 警告: [removal] ResourceLocationのResourceLocation(String,String)は推奨されておらず、削除用にマークされています
          return new ResourceLocation("pm_equips", "animations/ego_armor.animation.json");
                 ^
  D:\Minecraft Devs\net\code_mains\pm_equips_1.20.1\src\main\java\net\pm_equips\client\models\EGOS3MK4M.java:10: 警告: [removal] ResourceLocationのResourceLocation(String,String)は推奨されておらず、削除用にマークされています
          return new ResourceLocation("pm_equips", "geo/ego_armor_type1.geo.json");
                 ^
  D:\Minecraft Devs\net\code_mains\pm_equips_1.20.1\src\main\java\net\pm_equips\client\models\EGOS3MK4M.java:15: 警告: [removal] ResourceLocationのResourceLocation(String,String)は推奨されておらず、削除用にマークされています
          return new ResourceLocation("pm_equips", "textures/armor/ego_s3_mk4.png");
                 ^
  D:\Minecraft Devs\net\code_mains\pm_equips_1.20.1\src\main\java\net\pm_equips\client\models\EGOS3MK4M.java:20: 警告: [removal] ResourceLocationのResourceLocation(String,String)は推奨されておらず、削除用にマークされています
          return new ResourceLocation("pm_equips", "animations/ego_armor.animation.json");
                 ^
  D:\Minecraft Devs\net\code_mains\pm_equips_1.20.1\src\main\java\net\pm_equips\client\models\EGOS4BlueScarM.java:10: 警告: [removal] ResourceLocationのResourceLocation(String,String)は推奨されておらず、削除用にマークされています
          return new ResourceLocation("pm_equips", "geo/ego_armor_type1.geo.json");
                 ^
  D:\Minecraft Devs\net\code_mains\pm_equips_1.20.1\src\main\java\net\pm_equips\client\models\EGOS4BlueScarM.java:15: 警告: [removal] ResourceLocationのResourceLocation(String,String)は推奨されておらず、削除用にマークされています
          return new ResourceLocation("pm_equips", "textures/armor/ego_s4_blue_scar.png");
                 ^
  D:\Minecraft Devs\net\code_mains\pm_equips_1.20.1\src\main\java\net\pm_equips\client\models\EGOS4BlueScarM.java:20: 警告: [removal] ResourceLocationのResourceLocation(String,String)は推奨されておらず、削除用にマークされています
          return new ResourceLocation("pm_equips", "animations/ego_armor.animation.json");
                 ^
  D:\Minecraft Devs\net\code_mains\pm_equips_1.20.1\src\main\java\net\pm_equips\client\models\EGOS4HornetM.java:10: 警告: [removal] ResourceLocationのResourceLocation(String,String)は推奨されておらず、削除用にマークされています
          return new ResourceLocation("pm_equips", "geo/ego_armor_type1.geo.json");
                 ^
  D:\Minecraft Devs\net\code_mains\pm_equips_1.20.1\src\main\java\net\pm_equips\client\models\EGOS4HornetM.java:15: 警告: [removal] ResourceLocationのResourceLocation(String,String)は推奨されておらず、削除用にマークされています
          return new ResourceLocation("pm_equips", "textures/armor/ego_s4_hornet.png");
                 ^
  D:\Minecraft Devs\net\code_mains\pm_equips_1.20.1\src\main\java\net\pm_equips\client\models\EGOS4HornetM.java:20: 警告: [removal] ResourceLocationのResourceLocation(String,String)は推奨されておらず、削除用にマークされています
          return new ResourceLocation("pm_equips", "animations/ego_armor.animation.json");
                 ^
  D:\Minecraft Devs\net\code_mains\pm_equips_1.20.1\src\main\java\net\pm_equips\client\models\EGOS4LampM.java:10: 警告: [removal] ResourceLocationのResourceLocation(String,String)は推奨されておらず、削除用にマークされています
          return new ResourceLocation("pm_equips", "geo/ego_armor_type1.geo.json");
                 ^
  D:\Minecraft Devs\net\code_mains\pm_equips_1.20.1\src\main\java\net\pm_equips\client\models\EGOS4LampM.java:15: 警告: [removal] ResourceLocationのResourceLocation(String,String)は推奨されておらず、削除用にマークされています
          return new ResourceLocation("pm_equips", "textures/armor/ego_s4_lamp.png");
                 ^
  D:\Minecraft Devs\net\code_mains\pm_equips_1.20.1\src\main\java\net\pm_equips\client\models\EGOS4LampM.java:20: 警告: [removal] ResourceLocationのResourceLocation(String,String)は推奨されておらず、削除用にマークされています
          return new ResourceLocation("pm_equips", "animations/ego_armor.animation.json");
                 ^
  D:\Minecraft Devs\net\code_mains\pm_equips_1.20.1\src\main\java\net\pm_equips\client\models\EGOS4TearsM.java:10: 警告: [removal] ResourceLocationのResourceLocation(String,String)は推奨されておらず、削除用にマークされています
          return new ResourceLocation("pm_equips", "geo/ego_armor_type1.geo.json");
                 ^
  D:\Minecraft Devs\net\code_mains\pm_equips_1.20.1\src\main\java\net\pm_equips\client\models\EGOS4TearsM.java:15: 警告: [removal] ResourceLocationのResourceLocation(String,String)は推奨されておらず、削除用にマークされています
          return new ResourceLocation("pm_equips", "textures/armor/ego_s4_tears.png");
                 ^
  D:\Minecraft Devs\net\code_mains\pm_equips_1.20.1\src\main\java\net\pm_equips\client\models\EGOS4TearsM.java:20: 警告: [removal] ResourceLocationのResourceLocation(String,String)は推奨されておらず、削除用にマークされています
          return new ResourceLocation("pm_equips", "animations/ego_armor.animation.json");
                 ^
  D:\Minecraft Devs\net\code_mains\pm_equips_1.20.1\src\main\java\net\pm_equips\client\models\EGOS5DaCapoM.java:10: 警告: [removal] ResourceLocationのResourceLocation(String,String)は推奨されておらず、削除用にマークされています
          return new ResourceLocation("pm_equips", "geo/ego_armor_type2.geo.json");
                 ^
  D:\Minecraft Devs\net\code_mains\pm_equips_1.20.1\src\main\java\net\pm_equips\client\models\EGOS5DaCapoM.java:15: 警告: [removal] ResourceLocationのResourceLocation(String,String)は推奨されておらず、削除用にマークされています
          return new ResourceLocation("pm_equips", "textures/armor/ego_s5_da_capo.png");
                 ^
  D:\Minecraft Devs\net\code_mains\pm_equips_1.20.1\src\main\java\net\pm_equips\client\models\EGOS5DaCapoM.java:20: 警告: [removal] ResourceLocationのResourceLocation(String,String)は推奨されておらず、削除用にマークされています
          return new ResourceLocation("pm_equips", "animations/ego_armor.animation.json");
                 ^
  D:\Minecraft Devs\net\code_mains\pm_equips_1.20.1\src\main\java\net\pm_equips\client\models\EGOS5JustitiaM.java:10: 警告: [removal] ResourceLocationのResourceLocation(String,String)は推奨されておらず、削除用にマークされています
          return new ResourceLocation("pm_equips", "geo/ego_armor_type1.geo.json");
                 ^
  D:\Minecraft Devs\net\code_mains\pm_equips_1.20.1\src\main\java\net\pm_equips\client\models\EGOS5JustitiaM.java:15: 警告: [removal] ResourceLocationのResourceLocation(String,String)は推奨されておらず、削除用にマークされています
          return new ResourceLocation("pm_equips", "textures/armor/ego_s5_justitia.png");
                 ^
  D:\Minecraft Devs\net\code_mains\pm_equips_1.20.1\src\main\java\net\pm_equips\client\models\EGOS5JustitiaM.java:20: 警告: [removal] ResourceLocationのResourceLocation(String,String)は推奨されておらず、削除用にマークされています
          return new ResourceLocation("pm_equips", "animations/ego_armor.animation.json");
                 ^
  D:\Minecraft Devs\net\code_mains\pm_equips_1.20.1\src\main\java\net\pm_equips\client\models\EGOS5MimicryM.java:10: 警告: [removal] ResourceLocationのResourceLocation(String,String)は推奨されておらず、削除用にマークされています
          return new ResourceLocation("pm_equips", "geo/ego_armor_type2.geo.json");
                 ^
  D:\Minecraft Devs\net\code_mains\pm_equips_1.20.1\src\main\java\net\pm_equips\client\models\EGOS5MimicryM.java:15: 警告: [removal] ResourceLocationのResourceLocation(String,String)は推奨されておらず、削除用にマークされています
          return new ResourceLocation("pm_equips", "textures/armor/ego_s5_mimicry.png");
                 ^
  D:\Minecraft Devs\net\code_mains\pm_equips_1.20.1\src\main\java\net\pm_equips\client\models\EGOS5MimicryM.java:20: 警告: [removal] ResourceLocationのResourceLocation(String,String)は推奨されておらず、削除用にマークされています
          return new ResourceLocation("pm_equips", "animations/ego_armor.animation.json");
                 ^
  D:\Minecraft Devs\net\code_mains\pm_equips_1.20.1\src\main\java\net\pm_equips\client\models\EGOS5SmileM.java:10: 警告: [removal] ResourceLocationのResourceLocation(String,String)は推奨されておらず、削除用にマークされています
          return new ResourceLocation("pm_equips", "geo/ego_armor_type2.geo.json");
                 ^
  D:\Minecraft Devs\net\code_mains\pm_equips_1.20.1\src\main\java\net\pm_equips\client\models\EGOS5SmileM.java:15: 警告: [removal] ResourceLocationのResourceLocation(String,String)は推奨されておらず、削除用にマークされています
          return new ResourceLocation("pm_equips", "textures/armor/ego_s5_smile.png");
                 ^
  D:\Minecraft Devs\net\code_mains\pm_equips_1.20.1\src\main\java\net\pm_equips\client\models\EGOS5SmileM.java:20: 警告: [removal] ResourceLocationのResourceLocation(String,String)は推奨されておらず、削除用にマークされています
          return new ResourceLocation("pm_equips", "animations/ego_armor.animation.json");
                 ^
  D:\Minecraft Devs\net\code_mains\pm_equips_1.20.1\src\main\java\net\pm_equips\client\models\EGOS5StarM.java:10: 警告: [removal] ResourceLocationのResourceLocation(String,String)は推奨されておらず、削除用にマークされています
          return new ResourceLocation("pm_equips", "geo/ego_armor_type1.geo.json");
                 ^
  D:\Minecraft Devs\net\code_mains\pm_equips_1.20.1\src\main\java\net\pm_equips\client\models\EGOS5StarM.java:15: 警告: [removal] ResourceLocationのResourceLocation(String,String)は推奨されておらず、削除用にマークされています
          return new ResourceLocation("pm_equips", "textures/armor/ego_s5_star.png");
                 ^
  D:\Minecraft Devs\net\code_mains\pm_equips_1.20.1\src\main\java\net\pm_equips\client\models\EGOS5StarM.java:20: 警告: [removal] ResourceLocationのResourceLocation(String,String)は推奨されておらず、削除用にマークされています
          return new ResourceLocation("pm_equips", "animations/ego_armor.animation.json");
                 ^
  D:\Minecraft Devs\net\code_mains\pm_equips_1.20.1\src\main\java\net\pm_equips\client\models\EGOS5TwilightM.java:10: 警告: [removal] ResourceLocationのResourceLocation(String,String)は推奨されておらず、削除用にマークされています
          return new ResourceLocation("pm_equips", "geo/ego_armor_type1.geo.json");
                 ^
  D:\Minecraft Devs\net\code_mains\pm_equips_1.20.1\src\main\java\net\pm_equips\client\models\EGOS5TwilightM.java:15: 警告: [removal] ResourceLocationのResourceLocation(String,String)は推奨されておらず、削除用にマークされています
          return new ResourceLocation("pm_equips", "textures/armor/ego_s5_twilight.png");
                 ^
  D:\Minecraft Devs\net\code_mains\pm_equips_1.20.1\src\main\java\net\pm_equips\client\models\EGOS5TwilightM.java:20: 警告: [removal] ResourceLocationのResourceLocation(String,String)は推奨されておらず、削除用にマークされています
          return new ResourceLocation("pm_equips", "animations/ego_armor.animation.json");
                 ^
  D:\Minecraft Devs\net\code_mains\pm_equips_1.20.1\src\main\java\net\pm_equips\client\models\EGOS5WhitenightM.java:10: 警告: [removal] ResourceLocationのResourceLocation(String,String)は推奨されておらず、削除用にマークされています
          return new ResourceLocation("pm_equips", "geo/ego_armor_type2.geo.json");
                 ^
  D:\Minecraft Devs\net\code_mains\pm_equips_1.20.1\src\main\java\net\pm_equips\client\models\EGOS5WhitenightM.java:15: 警告: [removal] ResourceLocationのResourceLocation(String,String)は推奨されておらず、削除用にマークされています
          return new ResourceLocation("pm_equips", "textures/armor/ego_s5_whitenight.png");
                 ^
  D:\Minecraft Devs\net\code_mains\pm_equips_1.20.1\src\main\java\net\pm_equips\client\models\EGOS5WhitenightM.java:20: 警告: [removal] ResourceLocationのResourceLocation(String,String)は推奨されておらず、削除用にマークされています
          return new ResourceLocation("pm_equips", "animations/ego_armor.animation.json");
                 ^
  D:\Minecraft Devs\net\code_mains\pm_equips_1.20.1\src\main\java\net\pm_equips\client\models\WCorpArmorAceM.java:11: 警告: [removal] ResourceLocationのResourceLocation(String,String)は推奨されておらず、削除用にマークされています
          return new ResourceLocation("pm_equips", "geo/wcorp_armor.geo.json");
                 ^
  D:\Minecraft Devs\net\code_mains\pm_equips_1.20.1\src\main\java\net\pm_equips\client\models\WCorpArmorAceM.java:16: 警告: [removal] ResourceLocationのResourceLocation(String,String)は推奨されておらず、削除用にマークされています
          return new ResourceLocation("pm_equips", "textures/armor/wcorp_armor_adept.png");
                 ^
  D:\Minecraft Devs\net\code_mains\pm_equips_1.20.1\src\main\java\net\pm_equips\client\models\WCorpArmorAceM.java:21: 警告: [removal] ResourceLocationのResourceLocation(String,String)は推奨されておらず、削除用にマークされています
          return new ResourceLocation("pm_equips", "animations/wcorp.animation.json");
                 ^
  D:\Minecraft Devs\net\code_mains\pm_equips_1.20.1\src\main\java\net\pm_equips\client\models\WCorpArmorM.java:11: 警告: [removal] ResourceLocationのResourceLocation(String,String)は推奨されておらず、削除用にマークされています
          return new ResourceLocation("pm_equips", "geo/wcorp_armor.geo.json");
                 ^
  D:\Minecraft Devs\net\code_mains\pm_equips_1.20.1\src\main\java\net\pm_equips\client\models\WCorpArmorM.java:16: 警告: [removal] ResourceLocationのResourceLocation(String,String)は推奨されておらず、削除用にマークされています
          return new ResourceLocation("pm_equips", "textures/armor/wcorp_armor.png");
                 ^
  D:\Minecraft Devs\net\code_mains\pm_equips_1.20.1\src\main\java\net\pm_equips\client\models\WCorpArmorM.java:21: 警告: [removal] ResourceLocationのResourceLocation(String,String)は推奨されておらず、削除用にマークされています
          return new ResourceLocation("pm_equips", "animations/wcorp.animation.json");
                 ^
  D:\Minecraft Devs\net\code_mains\pm_equips_1.20.1\src\main\java\net\pm_equips\client\renderer\AmmoExR.java:26: 警告: [removal] ResourceLocationのResourceLocation(String,String)は推奨されておらず、削除用にマークされています
          return new ResourceLocation("minecraft", "textures/block/barrier.png");
                 ^
  D:\Minecraft Devs\net\code_mains\pm_equips_1.20.1\src\main\java\net\pm_equips\client\renderer\AmmoLARVR.java:26: 警告: [removal] ResourceLocationのResourceLocation(String,String)は推奨されておらず、削除用にマークされています
          return new ResourceLocation("minecraft", "textures/block/barrier.png");
                 ^
  D:\Minecraft Devs\net\code_mains\pm_equips_1.20.1\src\main\java\net\pm_equips\client\renderer\AmmoLASGR.java:26: 警告: [removal] ResourceLocationのResourceLocation(String,String)は推奨されておらず、削除用にマークされています
          return new ResourceLocation("minecraft", "textures/block/barrier.png");
                 ^
  D:\Minecraft Devs\net\code_mains\pm_equips_1.20.1\src\main\java\net\pm_equips\client\renderer\AmmoMagicR.java:26: 警告: [removal] ResourceLocationのResourceLocation(String,String)は推奨されておらず、削除用にマークされています
          return new ResourceLocation("minecraft", "textures/block/barrier.png");
                 ^
  D:\Minecraft Devs\net\code_mains\pm_equips_1.20.1\src\main\java\net\pm_equips\client\renderer\AmmoR.java:26: 警告: [removal] ResourceLocationのResourceLocation(String,String)は推奨されておらず、削除用にマークされています
          return new ResourceLocation("minecraft", "textures/block/barrier.png");
                 ^
  D:\Minecraft Devs\net\code_mains\pm_equips_1.20.1\src\main\java\net\pm_equips\network\ModPackets.java:15: 警告: [removal] ResourceLocationのResourceLocation(String,String)は推奨されておらず、削除用にマークされています
              new net.minecraft.resources.ResourceLocation("pm_equips", "main"),
              ^
  D:\Minecraft Devs\net\code_mains\pm_equips_1.20.1\src\main\java\net\pm_equips\PMEquipsMain.java:25: 警告: [removal] FMLJavaModLoadingContextのget()は推奨されておらず、削除用にマークされています
          IEventBus modEventBus = FMLJavaModLoadingContext.get().getModEventBus();
                                                          ^
  D:\Minecraft Devs\net\code_mains\pm_equips_1.20.1\src\main\java\net\pm_equips\PMEquipsMain.java:37: 警告: [removal] ModLoadingContextのget()は推奨されておらず、削除用にマークされています
          ModLoadingContext.get().registerConfig(net.minecraftforge.fml.config.ModConfig.Type.COMMON,
                           ^
  D:\Minecraft Devs\net\code_mains\pm_equips_1.20.1\src\main\java\net\pm_equips\PMEquipsMain.java:49: 警告: [removal] top.theillusivec4.curios.apiのSlotTypeMessageは推奨されておらず、削除用にマークされています
          InterModComms.sendTo(CuriosApi.MODID, SlotTypeMessage.REGISTER_TYPE,
                                                ^
  ノート: SpongePowered MIXIN Annotation Processor Version=0.8.5 (MixinGradle Version=0.7)
  ノート: Supported obfuscation types: ObfuscationServiceMCP supports [notch] ObfuscationServiceFG3 supports [searge]
  ノート: Loading searge mappings from D:\Minecraft Devs\net\code_mains\pm_equips_1.20.1\build\createMcpToSrg\output.tsrg
  ノート: Writing refmap to D:\Minecraft Devs\net\code_mains\pm_equips_1.20.1\build\tmp\compileJava\compileJava-refmap.json
  ノート: Writing searge composite mappings to D:\Minecraft Devs\net\code_mains\pm_equips_1.20.1\build\tmp\compileJava\compileJava-mappings.tsrg
  ノート: 入力ファイルの操作のうち、未チェックまたは安全ではないものがあります。
  エラー2個
  警告100個

* Try:
> Check your code and dependencies to fix the compilation error(s)
> Run with --scan to get full insights.

BUILD FAILED in 11s

Deprecated Gradle features were used in this build, making it incompatible with Gradle 9.0.

You can use '--warning-mode all' to show the individual deprecation warnings and determine if they come from your own scripts or plugins.

For more on this, please refer to https://docs.gradle.org/8.14.5/userguide/command_line_interface.html#sec:command_line_warnings in the Gradle documentation.
4 actionable tasks: 2 executed, 2 up-to-date
